This is pdfTeX, Version 3.141592653-2.6-1.40.29 (TeX Live 2026) (preloaded format=pdflatex 2026.8.16)  17 SEP 2026 22:53
entering extended mode
 restricted \write18 enabled.
 %&-line parsing enabled.
**main.tex
(./main.tex
LaTeX2e <2026-06-01>
L3 programming layer <2026-07-20>
(./quantumarticle.cls
Document Class: quantumarticle 2022/11/08 v6.1class for Quantum - the open jour
nal for quantum science (https://quantum-journal.org)
(/home/agony/texlive/2026/texmf-dist/tex/latex/xkeyval/xkeyval.sty
Package: xkeyval 2025/11/04 v2.10 package option processing (HA)

(/home/agony/texlive/2026/texmf-dist/tex/generic/xkeyval/xkeyval.tex
(/home/agony/texlive/2026/texmf-dist/tex/generic/xkeyval/xkvutils.tex
\XKV@toks=\toks17
\XKV@tempa@toks=\toks18
\XKV@tempb@toks=\toks19

(/home/agony/texlive/2026/texmf-dist/tex/generic/xkeyval/keyval.tex))
\XKV@depth=\count276
File: xkeyval.tex 2014/12/03 v2.7a key=value parser (HA)
))
(/home/agony/texlive/2026/texmf-dist/tex/latex/etoolbox/etoolbox.sty
Package: etoolbox 2025/10/02 v2.5m e-TeX tools for LaTeX (JAW)
\etb@tempcnta=\count277
)
(/home/agony/texlive/2026/texmf-dist/tex/latex/base/size11.clo
File: size11.clo 2025/01/22 v1.4n Standard LaTeX file (size option)
)
(/home/agony/texlive/2026/texmf-dist/tex/latex/geometry/geometry.sty
Package: geometry 2026/03/07 v6.0 Page Geometry

(/home/agony/texlive/2026/texmf-dist/tex/generic/iftex/ifvtex.sty
Package: ifvtex 2019/10/25 v1.7 ifvtex legacy package. Use iftex instead.

(/home/agony/texlive/2026/texmf-dist/tex/generic/iftex/iftex.sty
Package: iftex 2024/12/12 v1.0g TeX engine tests
))
\Gm@cnth=\count278
\Gm@cntv=\count279
\c@Gm@tempcnt=\count280
\Gm@bindingoffset=\dimen150
\Gm@wd@mp=\dimen151
\Gm@odd@mp=\dimen152
\Gm@even@mp=\dimen153
\Gm@layoutwidth=\dimen154
\Gm@layoutheight=\dimen155
\Gm@layouthoffset=\dimen156
\Gm@layoutvoffset=\dimen157
\Gm@dimlist=\toks20
)
(/home/agony/texlive/2026/texmf-dist/tex/generic/ltxcmds/ltxcmds.sty
Package: ltxcmds 2023-12-04 v1.26 LaTeX kernel commands for general use (HO)
)
\c@part=\count281
\c@section=\count282
\c@subsection=\count283
\c@subsubsection=\count284
\c@paragraph=\count285
\c@subparagraph=\count286
\c@figure=\count287
\c@table=\count288
\abovecaptionskip=\skip49
\belowcaptionskip=\skip50
\bibindent=\dimen158

(/home/agony/texlive/2026/texmf-dist/tex/latex/fancyhdr/fancyhdr.sty
Package: fancyhdr 2025/02/07 v5.2 Extensive control of page headers and footers

\f@nch@headwidth=\skip51
\f@nch@offset@elh=\skip52
\f@nch@offset@erh=\skip53
\f@nch@offset@olh=\skip54
\f@nch@offset@orh=\skip55
\f@nch@offset@elf=\skip56
\f@nch@offset@erf=\skip57
\f@nch@offset@olf=\skip58
\f@nch@offset@orf=\skip59
\f@nch@height=\skip60
\f@nch@footalignment=\skip61
\f@nch@widthL=\skip62
\f@nch@widthC=\skip63
\f@nch@widthR=\skip64
\@temptokenb=\toks21
)
\c@@authorcounter=\count289
\c@@affiliationcounter=\count290
)
(/home/agony/texlive/2026/texmf-dist/tex/generic/babel/babel.sty
Package: babel 2026/08/08 v26.10 The multilingual framework for LuaLaTeX, pdfLa
TeX and XeLaTeX
\babel@savecnt=\count291
LaTeX Encoding Info:    Redeclaring text command \ij (encoding OT1) on input li
ne 2105.
LaTeX Encoding Info:    Redeclaring text command \IJ (encoding OT1) on input li
ne 2107.
LaTeX Encoding Info:    Redeclaring text command \ij (encoding T1) on input lin
e 2109.
LaTeX Encoding Info:    Redeclaring text command \IJ (encoding T1) on input lin
e 2110.
LaTeX Encoding Info:    Ignoring declaration for text command \ij (encoding ?) 
on input line 2111.
LaTeX Encoding Info:    Ignoring declaration for text command \IJ (encoding ?) 
on input line 2113.
LaTeX Encoding Info:    Ignoring declaration for text command \SS (encoding ?) 
on input line 2138.
\U@D=\dimen159
\l@unhyphenated=\language91

(/home/agony/texlive/2026/texmf-dist/tex/generic/babel/txtbabel.def)
\bbl@readstream=\read2
\bbl@dirlevel=\count292

(/home/agony/texlive/2026/texmf-dist/tex/generic/babel/locale/en/babel-english.
tex)
Package babel Info: Importing font and identification data for 'english'
(babel)             from babel-en.ini. Reported on input line 4426.
 (/home/agony/texlive/2026/texmf-dist/tex/generic/babel-english/english.ldf
Language: english 2017/06/06 v3.3r English support from the babel system
Package babel Info: Hyphen rules for 'canadian' set to \l@english
(babel)             (\language0). Reported on input line 102.
Package babel Info: Hyphen rules for 'australian' set to \l@ukenglish
(babel)             (\language22). Reported on input line 105.
Package babel Info: Hyphen rules for 'newzealand' set to \l@ukenglish
(babel)             (\language22). Reported on input line 108.
)) (/home/agony/texlive/2026/texmf-dist/tex/latex/base/fontenc.sty
Package: fontenc 2025/07/18 v2.1d Standard LaTeX package
)
(/home/agony/texlive/2026/texmf-dist/tex/latex/amsmath/amsmath.sty
Package: amsmath 2026/05/19 v2.18d AMS math features
\@mathmargin=\skip65

For additional information on amsmath, use the `?' option.
(/home/agony/texlive/2026/texmf-dist/tex/latex/amsmath/amstext.sty
Package: amstext 2024/11/17 v2.01 AMS text

(/home/agony/texlive/2026/texmf-dist/tex/latex/amsmath/amsgen.sty
File: amsgen.sty 1999/11/30 v2.0 generic functions
\@emptytoks=\toks22
\ex@=\dimen160
))
(/home/agony/texlive/2026/texmf-dist/tex/latex/amsmath/amsbsy.sty
Package: amsbsy 1999/11/29 v1.2d Bold Symbols
\pmbraise@=\dimen161
)
(/home/agony/texlive/2026/texmf-dist/tex/latex/amsmath/amsopn.sty
Package: amsopn 2022/04/08 v2.04 operator names
)
\inf@bad=\count293
LaTeX Info: Redefining \frac on input line 233.
\uproot@=\count294
\leftroot@=\count295
LaTeX Info: Redefining \overline on input line 398.
LaTeX Info: Redefining \colon on input line 409.
\classnum@=\count296
\DOTSCASE@=\count297
LaTeX Info: Redefining \ldots on input line 495.
LaTeX Info: Redefining \dots on input line 498.
LaTeX Info: Redefining \cdots on input line 619.
\Mathstrutbox@=\box53
\strutbox@=\box54
LaTeX Info: Redefining \big on input line 721.
LaTeX Info: Redefining \Big on input line 722.
LaTeX Info: Redefining \bigg on input line 723.
LaTeX Info: Redefining \Bigg on input line 724.
\big@size=\dimen162
LaTeX Font Info:    Redeclaring font encoding OML on input line 742.
LaTeX Font Info:    Redeclaring font encoding OMS on input line 743.
\macc@depth=\count298
LaTeX Info: Redefining \bmod on input line 904.
LaTeX Info: Redefining \pmod on input line 909.
LaTeX Info: Redefining \smash on input line 939.
LaTeX Info: Redefining \relbar on input line 969.
LaTeX Info: Redefining \Relbar on input line 970.
\c@MaxMatrixCols=\count299
\dotsspace@=\muskip17
\c@parentequation=\count300
\dspbrk@lvl=\count301
\tag@help=\toks23
\row@=\count302
\column@=\count303
\maxfields@=\count304
\andhelp@=\toks24
\eqnshift@=\dimen163
\alignsep@=\dimen164
\tagshift@=\dimen165
\tagwidth@=\dimen166
\totwidth@=\dimen167
\lineht@=\dimen168
\@envbody=\toks25
\multlinegap=\skip66
\multlinetaggap=\skip67
\mathdisplay@stack=\toks26
LaTeX Info: Redefining \[ on input line 2965.
LaTeX Info: Redefining \] on input line 2966.
)
(/home/agony/texlive/2026/texmf-dist/tex/latex/amsfonts/amssymb.sty
Package: amssymb 2013/01/14 v3.01 AMS font symbols

(/home/agony/texlive/2026/texmf-dist/tex/latex/amsfonts/amsfonts.sty
Package: amsfonts 2013/01/14 v3.01 Basic AMSFonts support
\symAMSa=\mathgroup4
\symAMSb=\mathgroup5
LaTeX Font Info:    Redeclaring math symbol \hbar on input line 98.
LaTeX Font Info:    Overwriting math alphabet `\mathfrak' in version `bold'
(Font)                  U/euf/m/n --> U/euf/b/n on input line 106.
))
(/home/agony/texlive/2026/texmf-dist/tex/latex/graphics/graphicx.sty
Package: graphicx 2026-05-17 v1.2e Enhanced LaTeX Graphics (DPC,SPQR)

(/home/agony/texlive/2026/texmf-dist/tex/latex/graphics/graphics.sty
Package: graphics 2026-05-17 v1.4h Standard LaTeX Graphics (DPC,SPQR)

(/home/agony/texlive/2026/texmf-dist/tex/latex/graphics/trig.sty
Package: trig 2023/12/02 v1.11 sin cos tan (DPC)
)
(/home/agony/texlive/2026/texmf-dist/tex/latex/graphics-cfg/graphics.cfg
File: graphics.cfg 2016/06/04 v1.11 sample graphics configuration
)
Package graphics Info: Driver file: pdftex.def on input line 106.

(/home/agony/texlive/2026/texmf-dist/tex/latex/graphics-def/pdftex.def
File: pdftex.def 2025/09/29 v1.2d Graphics/color driver for pdftex
))
\Gin@req@height=\dimen169
\Gin@req@width=\dimen170
)
(/home/agony/texlive/2026/texmf-dist/tex/latex/microtype/microtype.sty
Package: microtype 2026/03/01 v3.2d Micro-typographical refinements (RS)
\MT@toks=\toks27
\MT@tempbox=\box55
\MT@count=\count305
LaTeX Info: Redefining \noprotrusionifhmode on input line 1084.
LaTeX Info: Redefining \leftprotrusion on input line 1085.
\MT@prot@toks=\toks28
LaTeX Info: Redefining \rightprotrusion on input line 1104.
LaTeX Info: Redefining \textls on input line 1449.
\MT@outer@kern=\dimen171
LaTeX Info: Redefining \microtypecontext on input line 2053.
LaTeX Info: Redefining \textmicrotypecontext on input line 2070.
\MT@listname@count=\count306

(/home/agony/texlive/2026/texmf-dist/tex/latex/microtype/microtype-pdftex.def
File: microtype-pdftex.def 2026/03/01 v3.2d Definitions specific to pdftex (RS)

LaTeX Info: Redefining \lsstyle on input line 944.
LaTeX Info: Redefining \lslig on input line 944.
\MT@outer@space=\skip68
)
Package microtype Info: Loading configuration file microtype.cfg.

(/home/agony/texlive/2026/texmf-dist/tex/latex/microtype/microtype.cfg
File: microtype.cfg 2026/03/01 v3.2d microtype main configuration file (RS)
)
LaTeX Info: Redefining \microtypesetup on input line 3065.
)
(/home/agony/texlive/2026/texmf-dist/tex/latex/booktabs/booktabs.sty
Package: booktabs 2020/01/12 v1.61803398 Publication quality tables
\heavyrulewidth=\dimen172
\lightrulewidth=\dimen173
\cmidrulewidth=\dimen174
\belowrulesep=\dimen175
\belowbottomsep=\dimen176
\aboverulesep=\dimen177
\abovetopsep=\dimen178
\cmidrulesep=\dimen179
\cmidrulekern=\dimen180
\defaultaddspace=\dimen181
\@cmidla=\count307
\@cmidlb=\count308
\@aboverulesep=\dimen182
\@belowrulesep=\dimen183
\@thisruleclass=\count309
\@lastruleclass=\count310
\@thisrulewidth=\dimen184
)
(/home/agony/texlive/2026/texmf-dist/tex/latex/multirow/multirow.sty
Package: multirow 2024/11/12 v2.9 Span multiple rows of a table
\multirow@colwidth=\skip69
\multirow@cntb=\count311
\multirow@dima=\skip70
\bigstrutjot=\dimen185
)
(/home/agony/texlive/2026/texmf-dist/tex/latex/tools/array.sty
Package: array 2026/02/24 v2.7b Tabular extension package (FMi)
\col@sep=\dimen186
\ar@mcellbox=\box56
\extrarowheight=\dimen187
\NC@list=\toks29
\extratabsurround=\skip71
\backup@length=\skip72
\ar@cellbox=\box57
)
(/home/agony/texlive/2026/texmf-dist/tex/latex/tools/xspace.sty
Package: xspace 2014/10/28 v1.13 Space after command names (DPC,MH)
)
(/home/agony/texlive/2026/texmf-dist/tex/latex/pgf/frontendlayer/tikz.sty
(/home/agony/texlive/2026/texmf-dist/tex/latex/pgf/basiclayer/pgf.sty
(/home/agony/texlive/2026/texmf-dist/tex/latex/pgf/utilities/pgfrcs.sty
(/home/agony/texlive/2026/texmf-dist/tex/generic/pgf/utilities/pgfutil-common.t
ex
\pgfutil@everybye=\toks30
\pgfutil@tempdima=\dimen188
\pgfutil@tempdimb=\dimen189
)
(/home/agony/texlive/2026/texmf-dist/tex/generic/pgf/utilities/pgfutil-latex.de
f
\pgfutil@abb=\box58
)
(/home/agony/texlive/2026/texmf-dist/tex/generic/pgf/utilities/pgfrcs.code.tex
(/home/agony/texlive/2026/texmf-dist/tex/generic/pgf/pgf.revision.tex)
Package: pgfrcs 2026-08-01 v3.1.12 (3.1.12)
))
Package: pgf 2026-08-01 v3.1.12 (3.1.12)

(/home/agony/texlive/2026/texmf-dist/tex/latex/pgf/basiclayer/pgfcore.sty
(/home/agony/texlive/2026/texmf-dist/tex/latex/pgf/systemlayer/pgfsys.sty
(/home/agony/texlive/2026/texmf-dist/tex/generic/pgf/systemlayer/pgfsys.code.te
x
Package: pgfsys 2026-08-01 v3.1.12 (3.1.12)

(/home/agony/texlive/2026/texmf-dist/tex/generic/pgf/utilities/pgfkeys.code.tex
\pgfkeys@pathtoks=\toks31
\pgfkeys@temptoks=\toks32

(/home/agony/texlive/2026/texmf-dist/tex/generic/pgf/utilities/pgfkeyslibraryfi
ltered.code.tex
\pgfkeys@tmptoks=\toks33
))
\pgf@x=\dimen190
\pgf@y=\dimen191
\pgf@xa=\dimen192
\pgf@ya=\dimen193
\pgf@xb=\dimen194
\pgf@yb=\dimen195
\pgf@xc=\dimen196
\pgf@yc=\dimen197
\pgf@xd=\dimen198
\pgf@yd=\dimen199
\w@pgf@writea=\write3
\r@pgf@reada=\read3
\c@pgf@counta=\count312
\c@pgf@countb=\count313
\c@pgf@countc=\count314
\c@pgf@countd=\count315
\t@pgf@toka=\toks34
\t@pgf@tokb=\toks35
\t@pgf@tokc=\toks36
\pgf@sys@id@count=\count316

(/home/agony/texlive/2026/texmf-dist/tex/generic/pgf/systemlayer/pgf.cfg
File: pgf.cfg 2026-08-01 v3.1.12 (3.1.12)
)
Driver file for pgf: pgfsys-pdftex.def

(/home/agony/texlive/2026/texmf-dist/tex/generic/pgf/systemlayer/pgfsys-pdftex.
def
File: pgfsys-pdftex.def 2026-08-01 v3.1.12 (3.1.12)

(/home/agony/texlive/2026/texmf-dist/tex/generic/pgf/systemlayer/pgfsys-common-
pdf.def
File: pgfsys-common-pdf.def 2026-08-01 v3.1.12 (3.1.12)
)))
(/home/agony/texlive/2026/texmf-dist/tex/generic/pgf/systemlayer/pgfsyssoftpath
.code.tex
File: pgfsyssoftpath.code.tex 2026-08-01 v3.1.12 (3.1.12)
\pgfsyssoftpath@smallbuffer@items=\count317
\pgfsyssoftpath@bigbuffer@items=\count318
)
(/home/agony/texlive/2026/texmf-dist/tex/generic/pgf/systemlayer/pgfsysprotocol
.code.tex
File: pgfsysprotocol.code.tex 2026-08-01 v3.1.12 (3.1.12)
)) (/home/agony/texlive/2026/texmf-dist/tex/latex/xcolor/xcolor.sty
Package: xcolor 2024/09/29 v3.02 LaTeX color extensions (UK)

(/home/agony/texlive/2026/texmf-dist/tex/latex/graphics-cfg/color.cfg
File: color.cfg 2016/01/02 v1.6 sample color configuration
)
Package xcolor Info: Driver file: pdftex.def on input line 274.

(/home/agony/texlive/2026/texmf-dist/tex/latex/graphics/mathcolor.ltx)
Package xcolor Info: Model `cmy' substituted by `cmy0' on input line 1349.
Package xcolor Info: Model `hsb' substituted by `rgb' on input line 1353.
Package xcolor Info: Model `RGB' extended on input line 1365.
Package xcolor Info: Model `HTML' substituted by `rgb' on input line 1367.
Package xcolor Info: Model `Hsb' substituted by `hsb' on input line 1368.
Package xcolor Info: Model `tHsb' substituted by `hsb' on input line 1369.
Package xcolor Info: Model `HSB' substituted by `hsb' on input line 1370.
Package xcolor Info: Model `Gray' substituted by `gray' on input line 1371.
Package xcolor Info: Model `wave' substituted by `hsb' on input line 1372.
)
(/home/agony/texlive/2026/texmf-dist/tex/generic/pgf/basiclayer/pgfcore.code.te
x
Package: pgfcore 2026-08-01 v3.1.12 (3.1.12)
 (/home/agony/texlive/2026/texmf-dist/tex/generic/pgf/math/pgfmath.code.tex
(/home/agony/texlive/2026/texmf-dist/tex/generic/pgf/math/pgfmathutil.code.tex)

(/home/agony/texlive/2026/texmf-dist/tex/generic/pgf/math/pgfmathparser.code.te
x
\pgfmath@dimen=\dimen256
\pgfmath@count=\count319
\pgfmath@box=\box59
\pgfmath@toks=\toks37
\pgfmath@stack@operand=\toks38
\pgfmath@stack@operation=\toks39
)
(/home/agony/texlive/2026/texmf-dist/tex/generic/pgf/math/pgfmathfunctions.code
.tex)
(/home/agony/texlive/2026/texmf-dist/tex/generic/pgf/math/pgfmathfunctions.basi
c.code.tex)
(/home/agony/texlive/2026/texmf-dist/tex/generic/pgf/math/pgfmathfunctions.trig
onometric.code.tex)
(/home/agony/texlive/2026/texmf-dist/tex/generic/pgf/math/pgfmathfunctions.rand
om.code.tex)
(/home/agony/texlive/2026/texmf-dist/tex/generic/pgf/math/pgfmathfunctions.comp
arison.code.tex)
(/home/agony/texlive/2026/texmf-dist/tex/generic/pgf/math/pgfmathfunctions.base
.code.tex)
(/home/agony/texlive/2026/texmf-dist/tex/generic/pgf/math/pgfmathfunctions.roun
d.code.tex)
(/home/agony/texlive/2026/texmf-dist/tex/generic/pgf/math/pgfmathfunctions.misc
.code.tex)
(/home/agony/texlive/2026/texmf-dist/tex/generic/pgf/math/pgfmathfunctions.inte
gerarithmetics.code.tex)
(/home/agony/texlive/2026/texmf-dist/tex/generic/pgf/math/pgfmathcalc.code.tex)

(/home/agony/texlive/2026/texmf-dist/tex/generic/pgf/math/pgfmathfloat.code.tex
\c@pgfmathroundto@lastzeros=\count320
)) (/home/agony/texlive/2026/texmf-dist/tex/generic/pgf/math/pgfint.code.tex)
(/home/agony/texlive/2026/texmf-dist/tex/generic/pgf/basiclayer/pgfcorepoints.c
ode.tex
File: pgfcorepoints.code.tex 2026-08-01 v3.1.12 (3.1.12)
\pgf@picminx=\dimen257
\pgf@picmaxx=\dimen258
\pgf@picminy=\dimen259
\pgf@picmaxy=\dimen260
\pgf@pathminx=\dimen261
\pgf@pathmaxx=\dimen262
\pgf@pathminy=\dimen263
\pgf@pathmaxy=\dimen264
\pgf@xx=\dimen265
\pgf@xy=\dimen266
\pgf@yx=\dimen267
\pgf@yy=\dimen268
\pgf@zx=\dimen269
\pgf@zy=\dimen270
)
(/home/agony/texlive/2026/texmf-dist/tex/generic/pgf/basiclayer/pgfcorepathcons
truct.code.tex
File: pgfcorepathconstruct.code.tex 2026-08-01 v3.1.12 (3.1.12)
\pgf@path@lastx=\dimen271
\pgf@path@lasty=\dimen272
)
(/home/agony/texlive/2026/texmf-dist/tex/generic/pgf/basiclayer/pgfcorepathusag
e.code.tex
File: pgfcorepathusage.code.tex 2026-08-01 v3.1.12 (3.1.12)
\pgf@shorten@end@additional=\dimen273
\pgf@shorten@start@additional=\dimen274
)
(/home/agony/texlive/2026/texmf-dist/tex/generic/pgf/basiclayer/pgfcorescopes.c
ode.tex
File: pgfcorescopes.code.tex 2026-08-01 v3.1.12 (3.1.12)
\pgfpic=\box60
\pgf@hbox=\box61
\pgf@layerbox@main=\box62
\pgf@picture@serial@count=\count321
)
(/home/agony/texlive/2026/texmf-dist/tex/generic/pgf/basiclayer/pgfcoregraphics
tate.code.tex
File: pgfcoregraphicstate.code.tex 2026-08-01 v3.1.12 (3.1.12)
\pgflinewidth=\dimen275
)
(/home/agony/texlive/2026/texmf-dist/tex/generic/pgf/basiclayer/pgfcoretransfor
mations.code.tex
File: pgfcoretransformations.code.tex 2026-08-01 v3.1.12 (3.1.12)
\pgf@pt@x=\dimen276
\pgf@pt@y=\dimen277
\pgf@pt@temp=\dimen278
)
(/home/agony/texlive/2026/texmf-dist/tex/generic/pgf/basiclayer/pgfcorequick.co
de.tex
File: pgfcorequick.code.tex 2026-08-01 v3.1.12 (3.1.12)
)
(/home/agony/texlive/2026/texmf-dist/tex/generic/pgf/basiclayer/pgfcoreobjects.
code.tex
File: pgfcoreobjects.code.tex 2026-08-01 v3.1.12 (3.1.12)
)
(/home/agony/texlive/2026/texmf-dist/tex/generic/pgf/basiclayer/pgfcorepathproc
essing.code.tex
File: pgfcorepathprocessing.code.tex 2026-08-01 v3.1.12 (3.1.12)
)
(/home/agony/texlive/2026/texmf-dist/tex/generic/pgf/basiclayer/pgfcorearrows.c
ode.tex
File: pgfcorearrows.code.tex 2026-08-01 v3.1.12 (3.1.12)
\pgfarrowsep=\dimen279
)
(/home/agony/texlive/2026/texmf-dist/tex/generic/pgf/basiclayer/pgfcoreshade.co
de.tex
File: pgfcoreshade.code.tex 2026-08-01 v3.1.12 (3.1.12)
\pgf@max=\dimen280
\pgf@sys@shading@range@num=\count322
\pgf@shadingcount=\count323
)
(/home/agony/texlive/2026/texmf-dist/tex/generic/pgf/basiclayer/pgfcoreimage.co
de.tex
File: pgfcoreimage.code.tex 2026-08-01 v3.1.12 (3.1.12)
)
(/home/agony/texlive/2026/texmf-dist/tex/generic/pgf/basiclayer/pgfcoreexternal
.code.tex
File: pgfcoreexternal.code.tex 2026-08-01 v3.1.12 (3.1.12)
\pgfexternal@startupbox=\box63
)
(/home/agony/texlive/2026/texmf-dist/tex/generic/pgf/basiclayer/pgfcorelayers.c
ode.tex
File: pgfcorelayers.code.tex 2026-08-01 v3.1.12 (3.1.12)
)
(/home/agony/texlive/2026/texmf-dist/tex/generic/pgf/basiclayer/pgfcoretranspar
ency.code.tex
File: pgfcoretransparency.code.tex 2026-08-01 v3.1.12 (3.1.12)
)
(/home/agony/texlive/2026/texmf-dist/tex/generic/pgf/basiclayer/pgfcorepatterns
.code.tex
File: pgfcorepatterns.code.tex 2026-08-01 v3.1.12 (3.1.12)
)
(/home/agony/texlive/2026/texmf-dist/tex/generic/pgf/basiclayer/pgfcorerdf.code
.tex
File: pgfcorerdf.code.tex 2026-08-01 v3.1.12 (3.1.12)
)))
(/home/agony/texlive/2026/texmf-dist/tex/generic/pgf/modules/pgfmoduleshapes.co
de.tex
File: pgfmoduleshapes.code.tex 2026-08-01 v3.1.12 (3.1.12)
\pgfnodeparttextbox=\box64
)
(/home/agony/texlive/2026/texmf-dist/tex/generic/pgf/modules/pgfmoduleplot.code
.tex
File: pgfmoduleplot.code.tex 2026-08-01 v3.1.12 (3.1.12)
)
(/home/agony/texlive/2026/texmf-dist/tex/latex/pgf/compatibility/pgfcomp-versio
n-0-65.sty
Package: pgfcomp-version-0-65 2026-08-01 v3.1.12 (3.1.12)
\pgf@nodesepstart=\dimen281
\pgf@nodesepend=\dimen282
)
(/home/agony/texlive/2026/texmf-dist/tex/latex/pgf/compatibility/pgfcomp-versio
n-1-18.sty
Package: pgfcomp-version-1-18 2026-08-01 v3.1.12 (3.1.12)
))
(/home/agony/texlive/2026/texmf-dist/tex/latex/pgf/utilities/pgffor.sty
(/home/agony/texlive/2026/texmf-dist/tex/latex/pgf/utilities/pgfkeys.sty
(/home/agony/texlive/2026/texmf-dist/tex/generic/pgf/utilities/pgfkeys.code.tex
)) (/home/agony/texlive/2026/texmf-dist/tex/latex/pgf/math/pgfmath.sty
(/home/agony/texlive/2026/texmf-dist/tex/generic/pgf/math/pgfmath.code.tex))
(/home/agony/texlive/2026/texmf-dist/tex/generic/pgf/utilities/pgffor.code.tex
Package: pgffor 2026-08-01 v3.1.12 (3.1.12)
\pgffor@iter=\dimen283
\pgffor@skip=\dimen284
\pgffor@stack=\toks40
\pgffor@toks=\toks41
))
(/home/agony/texlive/2026/texmf-dist/tex/generic/pgf/frontendlayer/tikz/tikz.co
de.tex
Package: tikz 2026-08-01 v3.1.12 (3.1.12)

(/home/agony/texlive/2026/texmf-dist/tex/generic/pgf/libraries/pgflibraryplotha
ndlers.code.tex
File: pgflibraryplothandlers.code.tex 2026-08-01 v3.1.12 (3.1.12)
\pgf@plot@mark@count=\count324
\pgfplotmarksize=\dimen285
)
\tikz@lastx=\dimen286
\tikz@lasty=\dimen287
\tikz@lastxsaved=\dimen288
\tikz@lastysaved=\dimen289
\tikz@lastmovetox=\dimen290
\tikz@lastmovetoy=\dimen291
\tikzleveldistance=\dimen292
\tikzsiblingdistance=\dimen293
\tikz@figbox=\box65
\tikz@figbox@bg=\box66
\tikz@tempbox=\box67
\tikz@tempbox@bg=\box68
\tikztreelevel=\count325
\tikznumberofchildren=\count326
\tikznumberofcurrentchild=\count327
\tikz@fig@count=\count328

(/home/agony/texlive/2026/texmf-dist/tex/generic/pgf/modules/pgfmodulematrix.co
de.tex
File: pgfmodulematrix.code.tex 2026-08-01 v3.1.12 (3.1.12)
\pgfmatrixcurrentrow=\count329
\pgfmatrixcurrentcolumn=\count330
\pgf@matrix@numberofcolumns=\count331
)
\tikz@expandcount=\count332

(/home/agony/texlive/2026/texmf-dist/tex/generic/pgf/frontendlayer/tikz/librari
es/tikzlibrarytopaths.code.tex
File: tikzlibrarytopaths.code.tex 2026-08-01 v3.1.12 (3.1.12)
)))
(/home/agony/texlive/2026/texmf-dist/tex/generic/pgf/libraries/pgflibraryarrows
.meta.code.tex
File: pgflibraryarrows.meta.code.tex 2026-08-01 v3.1.12 (3.1.12)
\pgfarrowinset=\dimen294
\pgfarrowlength=\dimen295
\pgfarrowwidth=\dimen296
\pgfarrowlinewidth=\dimen297
)
(/home/agony/texlive/2026/texmf-dist/tex/generic/pgf/frontendlayer/tikz/librari
es/tikzlibrarypositioning.code.tex
File: tikzlibrarypositioning.code.tex 2026-08-01 v3.1.12 (3.1.12)
)
(/home/agony/texlive/2026/texmf-dist/tex/generic/pgf/frontendlayer/tikz/librari
es/tikzlibraryfit.code.tex
File: tikzlibraryfit.code.tex 2026-08-01 v3.1.12 (3.1.12)
)
(/home/agony/texlive/2026/texmf-dist/tex/generic/pgf/frontendlayer/tikz/librari
es/tikzlibrarycalc.code.tex
File: tikzlibrarycalc.code.tex 2026-08-01 v3.1.12 (3.1.12)
)
(/home/agony/texlive/2026/texmf-dist/tex/generic/pgf/frontendlayer/tikz/librari
es/tikzlibraryshapes.geometric.code.tex
File: tikzlibraryshapes.geometric.code.tex 2026-08-01 v3.1.12 (3.1.12)

(/home/agony/texlive/2026/texmf-dist/tex/generic/pgf/libraries/shapes/pgflibrar
yshapes.geometric.code.tex
File: pgflibraryshapes.geometric.code.tex 2026-08-01 v3.1.12 (3.1.12)
))
(/home/agony/texlive/2026/texmf-dist/tex/generic/pgf/frontendlayer/tikz/librari
es/tikzlibrarybackgrounds.code.tex
File: tikzlibrarybackgrounds.code.tex 2026-08-01 v3.1.12 (3.1.12)
\pgf@layerbox@background=\box69
\pgf@layerboxsaved@background=\box70
)
(/home/agony/texlive/2026/texmf-dist/tex/latex/pgfplots/pgfplots.sty
(/home/agony/texlive/2026/texmf-dist/tex/generic/pgfplots/pgfplots.revision.tex
)
Package: pgfplots 2025/08/14 v1.18.2 Data Visualization (1.18.2)
 (/home/agony/texlive/2026/texmf-dist/tex/generic/pgfplots/pgfplots.code.tex
(/home/agony/texlive/2026/texmf-dist/tex/generic/pgfplots/pgfplotscore.code.tex
\t@pgfplots@toka=\toks42
\t@pgfplots@tokb=\toks43
\t@pgfplots@tokc=\toks44
\pgfplots@tmpa=\dimen298
\c@pgfplots@coordindex=\count333
\c@pgfplots@scanlineindex=\count334

(/home/agony/texlive/2026/texmf-dist/tex/generic/pgfplots/sys/pgfplotssysgeneri
c.code.tex))
(/home/agony/texlive/2026/texmf-dist/tex/generic/pgfplots/libs/pgfplotslibrary.
code.tex)
(/home/agony/texlive/2026/texmf-dist/tex/generic/pgfplots/oldpgfcompatib/pgfplo
tsoldpgfsupp_loader.code.tex
(/home/agony/texlive/2026/texmf-dist/tex/generic/pgf/libraries/pgflibraryfpu.co
de.tex)
(/home/agony/texlive/2026/texmf-dist/tex/generic/pgfplots/oldpgfcompatib/pgfplo
tsoldpgfsupp_pgfutil-common-lists.tex))
(/home/agony/texlive/2026/texmf-dist/tex/generic/pgfplots/util/pgfplotsutil.cod
e.tex
(/home/agony/texlive/2026/texmf-dist/tex/generic/pgfplots/liststructure/pgfplot
sliststructure.code.tex)
(/home/agony/texlive/2026/texmf-dist/tex/generic/pgfplots/liststructure/pgfplot
sliststructureext.code.tex)
(/home/agony/texlive/2026/texmf-dist/tex/generic/pgfplots/liststructure/pgfplot
sarray.code.tex
\c@pgfplotsarray@tmp=\count335
)
(/home/agony/texlive/2026/texmf-dist/tex/generic/pgfplots/liststructure/pgfplot
smatrix.code.tex)
(/home/agony/texlive/2026/texmf-dist/tex/generic/pgfplots/numtable/pgfplotstabl
eshared.code.tex
\c@pgfplotstable@counta=\count336
\t@pgfplotstable@a=\toks45
)
(/home/agony/texlive/2026/texmf-dist/tex/generic/pgfplots/liststructure/pgfplot
sdeque.code.tex)
(/home/agony/texlive/2026/texmf-dist/tex/generic/pgfplots/util/pgfplotsbinary.c
ode.tex
(/home/agony/texlive/2026/texmf-dist/tex/generic/pgfplots/util/pgfplotsbinary.d
ata.code.tex))
(/home/agony/texlive/2026/texmf-dist/tex/generic/pgfplots/util/pgfplotsutil.ver
b.code.tex)
(/home/agony/texlive/2026/texmf-dist/tex/generic/pgfplots/libs/pgflibrarypgfplo
ts.surfshading.code.tex
\c@pgfplotslibrarysurf@no=\count337

(/home/agony/texlive/2026/texmf-dist/tex/generic/pgfplots/sys/pgflibrarypgfplot
s.surfshading.pgfsys-pdftex.def)))
(/home/agony/texlive/2026/texmf-dist/tex/generic/pgfplots/util/pgfplotscolormap
.code.tex
(/home/agony/texlive/2026/texmf-dist/tex/generic/pgfplots/util/pgfplotscolor.co
de.tex))
(/home/agony/texlive/2026/texmf-dist/tex/generic/pgfplots/pgfplotsstackedplots.
code.tex)
(/home/agony/texlive/2026/texmf-dist/tex/generic/pgfplots/pgfplotsplothandlers.
code.tex
(/home/agony/texlive/2026/texmf-dist/tex/generic/pgfplots/pgfplotsmeshplothandl
er.code.tex
(/home/agony/texlive/2026/texmf-dist/tex/generic/pgfplots/pgfplotsmeshplotimage
.code.tex)))
(/home/agony/texlive/2026/texmf-dist/tex/generic/pgfplots/pgfplots.scaling.code
.tex)
(/home/agony/texlive/2026/texmf-dist/tex/generic/pgfplots/pgfplotscoordprocessi
ng.code.tex)
(/home/agony/texlive/2026/texmf-dist/tex/generic/pgfplots/pgfplots.errorbars.co
de.tex)
(/home/agony/texlive/2026/texmf-dist/tex/generic/pgfplots/pgfplots.markers.code
.tex)
(/home/agony/texlive/2026/texmf-dist/tex/generic/pgfplots/pgfplotsticks.code.te
x)
(/home/agony/texlive/2026/texmf-dist/tex/generic/pgfplots/pgfplots.paths.code.t
ex)
(/home/agony/texlive/2026/texmf-dist/tex/generic/pgf/frontendlayer/tikz/librari
es/tikzlibrarydecorations.code.tex
(/home/agony/texlive/2026/texmf-dist/tex/generic/pgf/modules/pgfmoduledecoratio
ns.code.tex
\pgfdecoratedcompleteddistance=\dimen299
\pgfdecoratedremainingdistance=\dimen300
\pgfdecoratedinputsegmentcompleteddistance=\dimen301
\pgfdecoratedinputsegmentremainingdistance=\dimen302
\pgf@decorate@distancetomove=\dimen303
\pgf@decorate@repeatstate=\count338
\pgfdecorationsegmentamplitude=\dimen304
\pgfdecorationsegmentlength=\dimen305
)
\tikz@lib@dec@box=\box71
)
(/home/agony/texlive/2026/texmf-dist/tex/generic/pgf/frontendlayer/tikz/librari
es/tikzlibrarydecorations.pathmorphing.code.tex
(/home/agony/texlive/2026/texmf-dist/tex/generic/pgf/libraries/decorations/pgfl
ibrarydecorations.pathmorphing.code.tex))
(/home/agony/texlive/2026/texmf-dist/tex/generic/pgf/frontendlayer/tikz/librari
es/tikzlibrarydecorations.pathreplacing.code.tex
(/home/agony/texlive/2026/texmf-dist/tex/generic/pgf/libraries/decorations/pgfl
ibrarydecorations.pathreplacing.code.tex))
(/home/agony/texlive/2026/texmf-dist/tex/generic/pgfplots/libs/tikzlibrarypgfpl
ots.contourlua.code.tex)
\pgfplots@numplots=\count339
\pgfplots@xmin@reg=\dimen306
\pgfplots@xmax@reg=\dimen307
\pgfplots@ymin@reg=\dimen308
\pgfplots@ymax@reg=\dimen309
\pgfplots@zmin@reg=\dimen310
\pgfplots@zmax@reg=\dimen311
)
(/home/agony/texlive/2026/texmf-dist/tex/generic/pgf/frontendlayer/tikz/librari
es/tikzlibraryplotmarks.code.tex
File: tikzlibraryplotmarks.code.tex 2026-08-01 v3.1.12 (3.1.12)

(/home/agony/texlive/2026/texmf-dist/tex/generic/pgf/libraries/pgflibraryplotma
rks.code.tex
File: pgflibraryplotmarks.code.tex 2026-08-01 v3.1.12 (3.1.12)
)))
(/home/agony/texlive/2026/texmf-dist/tex/generic/pgfplots/libs/tikzlibrarypgfpl
ots.groupplots.code.tex
\pgfplots@group@current@plot=\count340
\pgfplots@group@current@row=\count341
\pgfplots@group@current@column=\count342
)
(/home/agony/texlive/2026/texmf-dist/tex/latex/quantikz/quantikz.sty
Package: quantikz 2023/05/24 typeset quantum circuit diagrams

(/home/agony/texlive/2026/texmf-dist/tex/latex/quantikz/tikzlibraryquantikz2.co
de.tex (/home/agony/texlive/2026/texmf-dist/tex/latex/xargs/xargs.sty
Package: xargs 2008/03/22 v1.1  extended macro definitions  (mpg)
\xargs@max=\count343
\xargs@toksa=\toks46
\xargs@toksb=\toks47
)
(/home/agony/texlive/2026/texmf-dist/tex/latex/base/ifthen.sty
Package: ifthen 2024/03/16 v1.1e Standard LaTeX ifthen package (DPC)
)
(/home/agony/texlive/2026/texmf-dist/tex/generic/xstring/xstring.sty
(/home/agony/texlive/2026/texmf-dist/tex/generic/xstring/xstring.tex
\xs_counta=\count344
\xs_countb=\count345
)
Package: xstring 2023/08/22 v1.86 String manipulations (CT)
)
(/home/agony/texlive/2026/texmf-dist/tex/latex/l3packages/xparse/xparse.sty
(/home/agony/texlive/2026/texmf-dist/tex/latex/l3kernel/expl3.sty
Package: expl3 2026-07-20 L3 programming layer (loader) 

(/home/agony/texlive/2026/texmf-dist/tex/latex/l3backend/l3backend-pdftex.def
File: l3backend-pdftex.def 2026-07-20 L3 backend support: PDF output (pdfTeX)
\l__color_backend_stack_int=\count346
))
Package: xparse 2025-10-09 L3 Experimental document command parser
) (/home/agony/texlive/2026/texmf-dist/tex/latex/mathtools/mathtools.sty
Package: mathtools 2024/10/04 v1.31 mathematical typesetting tools

(/home/agony/texlive/2026/texmf-dist/tex/latex/tools/calc.sty
Package: calc 2025/03/01 v4.3b Infix arithmetic (KKT,FJ)
\calc@Acount=\count347
\calc@Bcount=\count348
\calc@Adimen=\dimen312
\calc@Bdimen=\dimen313
\calc@Askip=\skip73
\calc@Bskip=\skip74
LaTeX Info: Redefining \setlength on input line 86.
LaTeX Info: Redefining \addtolength on input line 87.
\calc@Ccount=\count349
\calc@Cskip=\skip75
)
(/home/agony/texlive/2026/texmf-dist/tex/latex/mathtools/mhsetup.sty
Package: mhsetup 2021/03/18 v1.4 programming setup (MH)
)
\g_MT_multlinerow_int=\count350
\l_MT_multwidth_dim=\dimen314
\origjot=\skip76
\l_MT_shortvdotswithinadjustabove_dim=\dimen315
\l_MT_shortvdotswithinadjustbelow_dim=\dimen316
\l_MT_above_intertext_sep=\dimen317
\l_MT_below_intertext_sep=\dimen318
\l_MT_above_shortintertext_sep=\dimen319
\l_MT_below_shortintertext_sep=\dimen320
\xmathstrut@box=\box72
\xmathstrut@dim=\dimen321
)
(/home/agony/texlive/2026/texmf-dist/tex/latex/environ/environ.sty
Package: environ 2014/05/04 v0.3 A new way to define environments

(/home/agony/texlive/2026/texmf-dist/tex/latex/trimspaces/trimspaces.sty
Package: trimspaces 2009/09/17 v1.1 Trim spaces around a token list
))
(/home/agony/texlive/2026/texmf-dist/tex/generic/tikz-cd/tikzlibrarycd.code.tex

(/home/agony/texlive/2026/texmf-dist/tex/generic/pgf/frontendlayer/tikz/librari
es/tikzlibrarymatrix.code.tex
File: tikzlibrarymatrix.code.tex 2026-08-01 v3.1.12 (3.1.12)
)
(/home/agony/texlive/2026/texmf-dist/tex/generic/pgf/frontendlayer/tikz/librari
es/tikzlibraryquotes.code.tex
File: tikzlibraryquotes.code.tex 2026-08-01 v3.1.12 (3.1.12)
))
(/home/agony/texlive/2026/texmf-dist/tex/generic/pgf/frontendlayer/tikz/librari
es/tikzlibraryshapes.symbols.code.tex
File: tikzlibraryshapes.symbols.code.tex 2026-08-01 v3.1.12 (3.1.12)

(/home/agony/texlive/2026/texmf-dist/tex/generic/pgf/libraries/shapes/pgflibrar
yshapes.symbols.code.tex
File: pgflibraryshapes.symbols.code.tex 2026-08-01 v3.1.12 (3.1.12)
))
(/home/agony/texlive/2026/texmf-dist/tex/generic/pgf/frontendlayer/tikz/librari
es/tikzlibraryshapes.misc.code.tex
File: tikzlibraryshapes.misc.code.tex 2026-08-01 v3.1.12 (3.1.12)

(/home/agony/texlive/2026/texmf-dist/tex/generic/pgf/libraries/shapes/pgflibrar
yshapes.misc.code.tex
File: pgflibraryshapes.misc.code.tex 2026-08-01 v3.1.12 (3.1.12)
))
(/home/agony/texlive/2026/texmf-dist/tex/generic/pgf/frontendlayer/tikz/librari
es/tikzlibrarydecorations.markings.code.tex
(/home/agony/texlive/2026/texmf-dist/tex/generic/pgf/libraries/decorations/pgfl
ibrarydecorations.markings.code.tex))
(/home/agony/texlive/2026/texmf-dist/tex/generic/pgf/frontendlayer/tikz/librari
es/tikzlibrarymath.code.tex
(/home/agony/texlive/2026/texmf-dist/tex/generic/pgf/frontendlayer/tikz/librari
es/tikzlibraryfpu.code.tex)
\tikz@math@for@depth=\count351
\tikz@math@dimen=\dimen322
\tikz@math@toks=\toks48
)
\pgf@layerbox@quantback=\box73
\pgf@layerboxsaved@quantback=\box74
\c@dummy=\count352
\myl=\skip77
\myh=\skip78
\myd=\skip79
\c@aaa=\count353
LaTeX Font Info:    Trying to load font information for U+msa on input line 104
4.

(/home/agony/texlive/2026/texmf-dist/tex/latex/amsfonts/umsa.fd
File: umsa.fd 2013/01/14 v3.01 AMS symbols A
)
LaTeX Font Info:    Trying to load font information for U+msb on input line 104
4.

(/home/agony/texlive/2026/texmf-dist/tex/latex/amsfonts/umsb.fd
File: umsb.fd 2013/01/14 v3.01 AMS symbols B
)
\c@wirenumberpermute=\count354
))
(/home/agony/texlive/2026/texmf-dist/tex/latex/listings/listings.sty
\lst@mode=\count355
\lst@gtempboxa=\box75
\lst@token=\toks49
\lst@length=\count356
\lst@currlwidth=\dimen323
\lst@column=\count357
\lst@pos=\count358
\lst@lostspace=\dimen324
\lst@width=\dimen325
\lst@newlines=\count359
\lst@lineno=\count360
\lst@maxwidth=\dimen326

(/home/agony/texlive/2026/texmf-dist/tex/latex/listings/lstpatch.sty
File: lstpatch.sty 2025/11/14 1.11b (Carsten Heinz)
)
(/home/agony/texlive/2026/texmf-dist/tex/latex/listings/lstmisc.sty
File: lstmisc.sty 2025/11/14 1.11b (Carsten Heinz)
\c@lstnumber=\count361
\lst@skipnumbers=\count362
\lst@framebox=\box76
)
(/home/agony/texlive/2026/texmf-dist/tex/latex/listings/listings.cfg
File: listings.cfg 2025/11/14 1.11b listings configuration
))
Package: listings 2025/11/14 1.11b (Carsten Heinz)

(/home/agony/texlive/2026/texmf-dist/tex/latex/natbib/natbib.sty
Package: natbib 2010/09/13 8.31b (PWD, AO)
\bibhang=\skip80
\bibsep=\skip81
LaTeX Info: Redefining \cite on input line 694.
\c@NAT@ctr=\count363
)
(/home/agony/texlive/2026/texmf-dist/tex/latex/hyperref/hyperref.sty
Package: hyperref 2026-06-17 v7.01r Hypertext links for LaTeX

(/home/agony/texlive/2026/texmf-dist/tex/latex/kvsetkeys/kvsetkeys.sty
Package: kvsetkeys 2022-10-05 v1.19 Key value parser (HO)
)
(/home/agony/texlive/2026/texmf-dist/tex/generic/kvdefinekeys/kvdefinekeys.sty
Package: kvdefinekeys 2019-12-19 v1.6 Define keys (HO)
) (/home/agony/texlive/2026/texmf-dist/tex/generic/pdfescape/pdfescape.sty
Package: pdfescape 2019/12/09 v1.15 Implements pdfTeX's escape features (HO)

(/home/agony/texlive/2026/texmf-dist/tex/generic/pdftexcmds/pdftexcmds.sty
Package: pdftexcmds 2020-06-27 v0.33 Utility functions of pdfTeX for LuaTeX (HO
)

(/home/agony/texlive/2026/texmf-dist/tex/generic/infwarerr/infwarerr.sty
Package: infwarerr 2019/12/03 v1.5 Providing info/warning/error messages (HO)
)
Package pdftexcmds Info: \pdf@primitive is available.
Package pdftexcmds Info: \pdf@ifprimitive is available.
Package pdftexcmds Info: \pdfdraftmode found.
))
(/home/agony/texlive/2026/texmf-dist/tex/latex/hycolor/hycolor.sty
Package: hycolor 2020-01-27 v1.10 Color options for hyperref/bookmark (HO)
)
(/home/agony/texlive/2026/texmf-dist/tex/latex/hyperref/nameref.sty
Package: nameref 2026-01-29 v2.58 Cross-referencing by name of section

(/home/agony/texlive/2026/texmf-dist/tex/latex/refcount/refcount.sty
Package: refcount 2019/12/15 v3.6 Data extraction from label references (HO)
)
(/home/agony/texlive/2026/texmf-dist/tex/generic/gettitlestring/gettitlestring.
sty
Package: gettitlestring 2019/12/15 v1.6 Cleanup title references (HO)
 (/home/agony/texlive/2026/texmf-dist/tex/latex/kvoptions/kvoptions.sty
Package: kvoptions 2022-06-15 v3.15 Key value format for package options (HO)
))
\c@section@level=\count364
)
(/home/agony/texlive/2026/texmf-dist/tex/generic/stringenc/stringenc.sty
Package: stringenc 2019/11/29 v1.12 Convert strings between diff. encodings (HO
)
)
\@linkdim=\dimen327
\Hy@linkcounter=\count365
\Hy@pagecounter=\count366

(/home/agony/texlive/2026/texmf-dist/tex/latex/hyperref/pd1enc.def
File: pd1enc.def 2026-06-17 v7.01r Hyperref: PDFDocEncoding definition (HO)
Now handling font encoding PD1 ...
... no UTF-8 mapping file for font encoding PD1
)
(/home/agony/texlive/2026/texmf-dist/tex/generic/intcalc/intcalc.sty
Package: intcalc 2019/12/15 v1.3 Expandable calculations with integers (HO)
)
\Hy@SavedSpaceFactor=\count367

(/home/agony/texlive/2026/texmf-dist/tex/latex/hyperref/puenc.def
File: puenc.def 2026-06-17 v7.01r Hyperref: PDF Unicode definition (HO)
Now handling font encoding PU ...
... no UTF-8 mapping file for font encoding PU
)
Package hyperref Info: Option `colorlinks' set `true' on input line 4070.
Package hyperref Info: Option `hyperindex' set `true' on input line 4070.
Package hyperref Info: Option `breaklinks' set `true' on input line 4070.
Package hyperref Info: Hyper figures OFF on input line 4199.
Package hyperref Info: Link nesting OFF on input line 4204.
Package hyperref Info: Hyper index ON on input line 4207.
Package hyperref Info: Plain pages OFF on input line 4214.
Package hyperref Info: Backreferencing OFF on input line 4219.
Package hyperref Info: Implicit mode ON; LaTeX internals redefined.
Package hyperref Info: Bookmarks ON on input line 4466.
\c@Hy@tempcnt=\count368

(/home/agony/texlive/2026/texmf-dist/tex/latex/url/url.sty
\Urlmuskip=\muskip18
Package: url 2013/09/16  ver 3.4  Verb mode for urls, etc.
)
LaTeX Info: Redefining \url on input line 4805.
\XeTeXLinkMargin=\dimen328

(/home/agony/texlive/2026/texmf-dist/tex/generic/bitset/bitset.sty
Package: bitset 2019/12/09 v1.3 Handle bit-vector datatype (HO)

(/home/agony/texlive/2026/texmf-dist/tex/generic/bigintcalc/bigintcalc.sty
Package: bigintcalc 2019/12/15 v1.5 Expandable calculations on big integers (HO
)
))
\Fld@menulength=\count369
\Field@Width=\dimen329
\Fld@charsize=\dimen330
Package hyperref Info: Hyper figures OFF on input line 6091.
Package hyperref Info: Link nesting OFF on input line 6096.
Package hyperref Info: Hyper index ON on input line 6099.
Package hyperref Info: backreferencing OFF on input line 6106.
Package hyperref Info: Link coloring ON on input line 6109.
Package hyperref Info: Link coloring with OCG OFF on input line 6116.
Package hyperref Info: PDF/A mode OFF on input line 6121.
\Hy@abspage=\count370
\c@Item=\count371
\c@Hfootnote=\count372
)
Package hyperref Info: Driver (autodetected): hpdftex.

(/home/agony/texlive/2026/texmf-dist/tex/latex/hyperref/hpdftex.def
File: hpdftex.def 2026-06-17 v7.01r Hyperref driver for pdfTeX
\Fld@listcount=\count373
\c@bookmark@seq@number=\count374

(/home/agony/texlive/2026/texmf-dist/tex/latex/rerunfilecheck/rerunfilecheck.st
y
Package: rerunfilecheck 2025-06-21 v1.11 Rerun checks for auxiliary files (HO)

(/home/agony/texlive/2026/texmf-dist/tex/generic/uniquecounter/uniquecounter.st
y
Package: uniquecounter 2019/12/15 v1.4 Provide unlimited unique counter (HO)
)
Package uniquecounter Info: New unique counter `rerunfilecheck' on input line 2
84.
)
\Hy@SectionHShift=\skip82
) (/home/agony/texlive/2026/texmf-dist/tex/latex/listings/lstlang1.sty
File: lstlang1.sty 2025/11/14 1.11b listings language file
)
(/home/agony/texlive/2026/texmf-dist/tex/latex/caption/caption.sty
Package: caption 2023/08/05 v3.6o Customizing captions (AR)

(/home/agony/texlive/2026/texmf-dist/tex/latex/caption/caption3.sty
Package: caption3 2023/07/31 v2.4d caption3 kernel (AR)
\caption@tempdima=\dimen331
\captionmargin=\dimen332
\caption@leftmargin=\dimen333
\caption@rightmargin=\dimen334
\caption@width=\dimen335
\caption@indent=\dimen336
\caption@parindent=\dimen337
\caption@hangindent=\dimen338
Package caption Info: Unknown document class (or package),
(caption)             standard defaults will be used.
Package caption Info: \@makecaption = \long macro:#1#2->\vskip \abovecaptionski
p \sbox \@tempboxa {#1: #2}\ifdimgreater {\wd \@tempboxa }{\hsize } {#1: #2\par
 } {\global \boolfalse {@minipage} \hb@xt@ \hsize {\hfil \box \@tempboxa \hfil 
}}\vskip \belowcaptionskip  on input line 1175.
)

Package caption Warning: Unknown document class (or package),
(caption)                standard defaults will be used.
See the caption package documentation for explanation.

\c@caption@flags=\count375
\c@continuedfloat=\count376
Package caption Info: hyperref package is loaded.
Package caption Info: listings package is loaded.
) (./main.aux)
\openout1 = `main.aux'.

LaTeX Font Info:    Checking defaults for OML/cmm/m/it on input line 108.
LaTeX Font Info:    ... okay on input line 108.
LaTeX Font Info:    Checking defaults for OMS/cmsy/m/n on input line 108.
LaTeX Font Info:    ... okay on input line 108.
LaTeX Font Info:    Checking defaults for OT1/cmr/m/n on input line 108.
LaTeX Font Info:    ... okay on input line 108.
LaTeX Font Info:    Checking defaults for T1/cmr/m/n on input line 108.
LaTeX Font Info:    ... okay on input line 108.
LaTeX Font Info:    Checking defaults for TS1/cmr/m/n on input line 108.
LaTeX Font Info:    ... okay on input line 108.
LaTeX Font Info:    Checking defaults for OMX/cmex/m/n on input line 108.
LaTeX Font Info:    ... okay on input line 108.
LaTeX Font Info:    Checking defaults for U/cmr/m/n on input line 108.
LaTeX Font Info:    ... okay on input line 108.
LaTeX Font Info:    Checking defaults for PD1/pdf/m/n on input line 108.
LaTeX Font Info:    ... okay on input line 108.
LaTeX Font Info:    Checking defaults for PU/pdf/m/n on input line 108.
LaTeX Font Info:    ... okay on input line 108.

*geometry* driver: auto-detecting
*geometry* detected driver: pdftex
*geometry* verbose mode - [ preamble ] result:
* driver: pdftex
* paper: a4paper
* layout: <same size as paper>
* layoutoffset:(h,v)=(0.0pt,0.0pt)
* modes: 
* h-part:(L,W,R)=(85.35826pt, 426.79135pt, 85.35826pt)
* v-part:(T,H,B)=(85.35826pt, 674.33032pt, 85.35826pt)
* \paperwidth=597.50787pt
* \paperheight=845.04684pt
* \textwidth=426.79135pt
* \textheight=674.33032pt
* \oddsidemargin=13.08827pt
* \evensidemargin=13.08827pt
* \topmargin=-23.91173pt
* \headheight=12.0pt
* \headsep=25.0pt
* \topskip=11.0pt
* \footskip=30.0pt
* \marginparwidth=50.0pt
* \marginparsep=10.0pt
* \columnsep=20.0pt
* \skip\footins=10.0pt plus 4.0pt minus 2.0pt
* \hoffset=0.0pt
* \voffset=0.0pt
* \mag=1000
* \@twocolumnfalse
* \@twosidefalse
* \@mparswitchfalse
* \@reversemarginfalse
* (1in=72.27pt=25.4mm, 1cm=28.453pt)

(/home/agony/texlive/2026/texmf-dist/tex/latex/lm/lmodern.sty
Package: lmodern 2015/05/01 v1.6.1 Latin Modern Fonts
LaTeX Font Info:    Overwriting symbol font `operators' in version `normal'
(Font)                  OT1/cmr/m/n --> OT1/lmr/m/n on input line 22.
LaTeX Font Info:    Overwriting symbol font `letters' in version `normal'
(Font)                  OML/cmm/m/it --> OML/lmm/m/it on input line 23.
LaTeX Font Info:    Overwriting symbol font `symbols' in version `normal'
(Font)                  OMS/cmsy/m/n --> OMS/lmsy/m/n on input line 24.
LaTeX Font Info:    Overwriting symbol font `largesymbols' in version `normal'
(Font)                  OMX/cmex/m/n --> OMX/lmex/m/n on input line 25.
LaTeX Font Info:    Overwriting symbol font `operators' in version `bold'
(Font)                  OT1/cmr/bx/n --> OT1/lmr/bx/n on input line 26.
LaTeX Font Info:    Overwriting symbol font `letters' in version `bold'
(Font)                  OML/cmm/b/it --> OML/lmm/b/it on input line 27.
LaTeX Font Info:    Overwriting symbol font `symbols' in version `bold'
(Font)                  OMS/cmsy/b/n --> OMS/lmsy/b/n on input line 28.
LaTeX Font Info:    Overwriting symbol font `largesymbols' in version `bold'
(Font)                  OMX/cmex/m/n --> OMX/lmex/m/n on input line 29.
LaTeX Font Info:    Overwriting math alphabet `\mathbf' in version `normal'
(Font)                  OT1/cmr/bx/n --> OT1/lmr/bx/n on input line 31.
LaTeX Font Info:    Overwriting math alphabet `\mathsf' in version `normal'
(Font)                  OT1/cmss/m/n --> OT1/lmss/m/n on input line 32.
LaTeX Font Info:    Overwriting math alphabet `\mathit' in version `normal'
(Font)                  OT1/cmr/m/it --> OT1/lmr/m/it on input line 33.
LaTeX Font Info:    Overwriting math alphabet `\mathtt' in version `normal'
(Font)                  OT1/cmtt/m/n --> OT1/lmtt/m/n on input line 34.
LaTeX Font Info:    Overwriting math alphabet `\mathbf' in version `bold'
(Font)                  OT1/cmr/bx/n --> OT1/lmr/bx/n on input line 35.
LaTeX Font Info:    Overwriting math alphabet `\mathsf' in version `bold'
(Font)                  OT1/cmss/bx/n --> OT1/lmss/bx/n on input line 36.
LaTeX Font Info:    Overwriting math alphabet `\mathit' in version `bold'
(Font)                  OT1/cmr/bx/it --> OT1/lmr/bx/it on input line 37.
LaTeX Font Info:    Overwriting math alphabet `\mathtt' in version `bold'
(Font)                  OT1/cmtt/m/n --> OT1/lmtt/m/n on input line 38.
)
(/home/agony/texlive/2026/texmf-dist/tex/latex/bbm-macros/bbm.sty
Package: bbm 1999/03/15 V 1.2 provides fonts for set symbols - TH
LaTeX Font Info:    Overwriting math alphabet `\mathbbm' in version `bold'
(Font)                  U/bbm/m/n --> U/bbm/bx/n on input line 33.
LaTeX Font Info:    Overwriting math alphabet `\mathbbmss' in version `bold'
(Font)                  U/bbmss/m/n --> U/bbmss/bx/n on input line 35.
)
\@eQ=\skip83
\@w=\skip84
\@rl=\skip85
\@cw=\skip86
\@ch=\skip87
\@cr=\skip88
\@sl=\skip89
\@xt=\skip90

(/home/agony/texlive/2026/texmf-dist/tex/context/base/mkii/supp-pdf.mkii
[Loading MPS to PDF converter (version 2006.09.02).]
\scratchcounter=\count377
\scratchdimen=\dimen339
\scratchbox=\box77
\nofMPsegments=\count378
\nofMParguments=\count379
\everyMPshowfont=\toks50
\MPscratchCnt=\count380
\MPscratchDim=\dimen340
\MPnumerator=\count381
\makeMPintoPDFobject=\count382
\everyMPtoPDFconversion=\toks51
) (/home/agony/texlive/2026/texmf-dist/tex/latex/epstopdf-pkg/epstopdf-base.sty
Package: epstopdf-base 2020-01-24 v2.11 Base part for package epstopdf
Package epstopdf-base Info: Redefining graphics rule for `.eps' on input line 4
85.
(/home/agony/texlive/2026/texmf-dist/tex/latex/latexconfig/epstopdf-sys.cfg
File: epstopdf-sys.cfg 2010/07/13 v1.3 Configuration of (r)epstopdf for TeX Liv
e
))
LaTeX Info: Redefining \microtypecontext on input line 108.
Package microtype Info: Applying patch `item' on input line 108.
Package microtype Info: Applying patch `toc' on input line 108.
Package microtype Info: Applying patch `eqnum' on input line 108.
Package microtype Info: Applying patch `footnote' on input line 108.
Package microtype Info: Applying patch `verbatim' on input line 108.
LaTeX Info: Redefining \microtypesetup on input line 108.
Package microtype Info: Generating PDF output.
Package microtype Info: Character protrusion enabled (level 2).
Package microtype Info: Using default protrusion set `alltext'.
Package microtype Info: Automatic font expansion enabled (level 2),
(microtype)             stretch: 20, shrink: 20, step: 1, non-selected.
Package microtype Info: Using default expansion set `alltext-nott'.
Package microtype Info: Patching command `\showhyphens'.
Package microtype Info: No adjustment of tracking.
Package microtype Info: No adjustment of interword spacing.
Package microtype Info: No adjustment of character kerning.

(/home/agony/texlive/2026/texmf-dist/tex/latex/microtype/mt-cmr.cfg
File: mt-cmr.cfg 2013/05/19 v2.2 microtype config. file: Computer Modern Roman 
(RS)
)
Package pgfplots notification 'compat/show suggested version=true': document ha
s been generated with the most recent feature set (\pgfplotsset{compat=1.18}).

\c@lstlisting=\count383
Package hyperref Info: Link coloring ON on input line 108.
(./main.out) (./main.out)
\@outlinefile=\write4
\openout4 = `main.out'.

Package caption Info: Begin \AtBeginDocument code.
Package caption Info: End \AtBeginDocument code.
Package babel Info: Main language set to 'english'.
LaTeX Font Info:    Trying to load font information for T1+lmss on input line 1
10.

(/home/agony/texlive/2026/texmf-dist/tex/latex/lm/t1lmss.fd
File: t1lmss.fd 2015/05/01 v1.6.1 Font defs for Latin Modern
)
Package microtype Info: Loading generic protrusion settings for font family
(microtype)             `lmss' (encoding: T1).
(microtype)             For optimal results, create family-specific settings.
(microtype)             See the microtype manual for details.
\@titelsaveboxHuge=\box78

Underfull \hbox (badness 5832) in paragraph at lines 110--110
[]\T1/lmss/m/n/24.88 (+20) pyqecclang: An Em-bed-ded Quan-tum
 []


Underfull \hbox (badness 10000) in paragraph at lines 110--110
\T1/lmss/m/n/24.88 (+20) Pro-gram-ming Lan-guage for Sci-en-tific
 []

\@titelsaveboxHugeoneline=\box79
\@titelsaveboxhhuge=\box80
LaTeX Font Info:    Trying to load font information for OT1+lmr on input line 1
10.
(/home/agony/texlive/2026/texmf-dist/tex/latex/lm/ot1lmr.fd
File: ot1lmr.fd 2015/05/01 v1.6.1 Font defs for Latin Modern
)
LaTeX Font Info:    Trying to load font information for OML+lmm on input line 1
10.

(/home/agony/texlive/2026/texmf-dist/tex/latex/lm/omllmm.fd
File: omllmm.fd 2015/05/01 v1.6.1 Font defs for Latin Modern
)
LaTeX Font Info:    Trying to load font information for OMS+lmsy on input line 
110.

(/home/agony/texlive/2026/texmf-dist/tex/latex/lm/omslmsy.fd
File: omslmsy.fd 2015/05/01 v1.6.1 Font defs for Latin Modern
)
LaTeX Font Info:    Trying to load font information for OMX+lmex on input line 
110.

(/home/agony/texlive/2026/texmf-dist/tex/latex/lm/omxlmex.fd
File: omxlmex.fd 2015/05/01 v1.6.1 Font defs for Latin Modern
)
LaTeX Font Info:    External font `lmex10' loaded for size
(Font)              <10.95> on input line 110.
LaTeX Font Info:    External font `lmex10' loaded for size
(Font)              <8> on input line 110.
LaTeX Font Info:    External font `lmex10' loaded for size
(Font)              <6> on input line 110.

(/home/agony/texlive/2026/texmf-dist/tex/latex/microtype/mt-msa.cfg
File: mt-msa.cfg 2006/02/04 v1.1 microtype config. file: AMS symbols (a) (RS)
)
(/home/agony/texlive/2026/texmf-dist/tex/latex/microtype/mt-msb.cfg
File: mt-msb.cfg 2005/06/01 v1.0 microtype config. file: AMS symbols (b) (RS)
)
\c@@authornum=\count384
LaTeX Font Info:    External font `lmex10' loaded for size
(Font)              <12> on input line 110.
\c@@affiliationnum=\count385
LaTeX Font Info:    External font `lmex10' loaded for size
(Font)              <9> on input line 110.
LaTeX Font Info:    External font `lmex10' loaded for size
(Font)              <5> on input line 110.
LaTeX Font Info:    Trying to load font information for T1+lmtt on input line 1
17.

(/home/agony/texlive/2026/texmf-dist/tex/latex/lm/t1lmtt.fd
File: t1lmtt.fd 2015/05/01 v1.6.1 Font defs for Latin Modern
)
Package microtype Info: Loading generic protrusion settings for font family
(microtype)             `lmtt' (encoding: T1).
(microtype)             For optimal results, create family-specific settings.
(microtype)             See the microtype manual for details.

Underfull \hbox (badness 1454) in paragraph at lines 111--121
[]\T1/cmr/m/n/10.95 Quantum al-go-rithms for sci-en-tific computing---quantum l
inear-system
 []


Underfull \hbox (badness 4193) in paragraph at lines 111--121
\T1/cmr/m/n/10.95 ordinary- and partial-differential-equation (ODE/PDE) solvers
---have a
 []

LaTeX Font Info:    Trying to load font information for T1+lmr on input line 12
1.
(/home/agony/texlive/2026/texmf-dist/tex/latex/lm/t1lmr.fd
File: t1lmr.fd 2015/05/01 v1.6.1 Font defs for Latin Modern
) [1

{/home/agony/texlive/2026/texmf-var/fonts/map/pdftex/updmap/pdftex.map}{/home/a
gony/texlive/2026/texmf-dist/fonts/enc/dvips/lm/lm-ec.enc}{/home/agony/texlive/
2026/texmf-dist/fonts/enc/dvips/cm-super/cm-super-t1.enc}] (./sections/introduc
tion.tex [2{/home/agony/texlive/2026/texmf-dist/fonts/enc/dvips/lm/lm-mathit.en
c}{/home/agony/texlive/2026/texmf-dist/fonts/enc/dvips/lm/lm-mathsy.enc}]
Underfull \hbox (badness 1831) in paragraph at lines 83--99
\T1/cmr/m/n/10.95 qubiti-za-tion/QSVT/QSP stack with a self-verifying quantum-s
ignal-processing
 []

[3]
Overfull \hbox (8.11897pt too wide) in paragraph at lines 153--162
[]\T1/cmr/b/n/10.95 A com-po-si-tional re-source es-ti-ma-tor \T1/cmr/m/n/10.95
 (Ap-pendix [][]E[][]): a strict Tof-foli+Clifford+T+QRAM
 []

) (./sections/requirements.tex [4{/home/agony/texlive/2026/texmf-dist/fonts/enc
/dvips/cm-super/cm-super-ts1.enc}] [5{/home/agony/texlive/2026/texmf-dist/fonts
/enc/dvips/lm/lm-rm.enc}{/home/agony/texlive/2026/texmf-dist/fonts/enc/dvips/lm
/lm-mathex.enc}] [6] [7]
LaTeX Font Info:    External font `lmex10' loaded for size
(Font)              <10> on input line 204.
LaTeX Font Info:    External font `lmex10' loaded for size
(Font)              <7> on input line 204.

Underfull \hbox (badness 1478) in paragraph at lines 208--209
\T1/lmtt/m/n/10 Module\T1/lmr/m/n/10 (+20) s; val-i-da-tion and se-ri-al-iza-ti
on
 []


Underfull \hbox (badness 10000) in paragraph at lines 209--209
[]|\T1/lmr/m/n/10 (+20) Realization choice
 []


Underfull \hbox (badness 1348) in paragraph at lines 210--210
[]|\T1/lmr/m/n/10 (+20) Frontends flat-ten to
 []


Underfull \hbox (badness 10000) in paragraph at lines 210--211
[]|\T1/lmr/m/n/10 (+20) Module-preserving RIR:
 []


Underfull \hbox (badness 10000) in paragraph at lines 210--211
\T1/lmtt/m/n/10 Call\T1/lmr/m/n/10 (+20) /\T1/lmtt/m/n/10 Repeat\T1/lmr/m/n/10 
(+20) /\T1/lmtt/m/n/10 Control\T1/lmr/m/n/10 (+20) /\T1/lmtt/m/n/10 Adjoint \T1
/lmr/m/n/10 (+20) stay
 []


Underfull \hbox (badness 2359) in paragraph at lines 210--211
\T1/lmr/m/n/10 (+20) sym-bolic in IR, JSON, and ex-port
 []


Underfull \hbox (badness 10000) in paragraph at lines 211--211
[]|\T1/lmr/m/n/10 (+20) Tracked ad-
 []


Underfull \hbox (badness 10000) in paragraph at lines 211--212
[]|\T1/lmr/m/n/10 (+20) Compositional ca-pa-bil-ity in-fer-ence
 []


Underfull \hbox (badness 1824) in paragraph at lines 211--212
\T1/lmr/m/n/10 (+20) checked against con-tex-tual us-age at
 []


Underfull \hbox (badness 10000) in paragraph at lines 212--212
[]|\T1/lmr/m/n/10 (+20) Counts ma-te-ri-al-ized
 []


Underfull \hbox (badness 10000) in paragraph at lines 212--212
\T1/lmr/m/n/10 (+20) ea-gerly; pro-grams
 []


Underfull \hbox (badness 2689) in paragraph at lines 212--213
[]|\T1/lmtt/m/n/10 Repeat \T1/lmr/m/n/10 (+20) nodes pre-served with static
 []


Underfull \hbox (badness 10000) in paragraph at lines 213--214
[]|\T1/lmr/m/n/10 (+20) First-class at-tributes ($\OML/lmm/m/it/10 $\T1/lmr/m/
n/10 (+20) ,
 []


Underfull \hbox (badness 2671) in paragraph at lines 215--215
[]|\T1/lmr/m/n/10 (+20) New solvers re-quire
 []

[8]) (./sections/related.tex [9] [10]
Overfull \hbox (4.9187pt too wide) in paragraph at lines 192--202
 []\T1/lmr/bx/n/10.95 (-20) Research code-bases for sci-en-tific al-go-rithms.[
] \T1/cmr/m/n/10.95 In-di-vid-ual al-go-rithm implementations---
 []

[11]
Underfull \hbox (badness 4316) in paragraph at lines 216--216
[]|\T1/lmr/m/n/10 (+20) R2 re-al-iza-tion
 []


Underfull \hbox (badness 10000) in paragraph at lines 217--217
[]|\T1/lmr/m/n/10 (+20) R3 structure-
 []


Underfull \hbox (badness 10000) in paragraph at lines 218--218
[]|\T1/lmr/m/n/10 (+20) R4 ad-
 []


Underfull \hbox (badness 10000) in paragraph at lines 218--218
\T1/lmr/m/n/10 (+20) joint/control
 []


Underfull \hbox (badness 10000) in paragraph at lines 219--219
[]|\T1/lmr/m/n/10 (+20) R5 sym-bolic
 []


Underfull \hbox (badness 10000) in paragraph at lines 220--220
[]|\T1/lmr/m/n/10 (+20) R6 promise
 []


Underfull \hbox (badness 1163) in paragraph at lines 222--222
[]|\T1/lmr/m/n/10 (+20) R8 li-brary ex-
 []


Underfull \hbox (badness 10000) in paragraph at lines 224--224
[]|\T1/lmr/m/n/10 (+20) Scientific
 []


Underfull \hbox (badness 10000) in paragraph at lines 225--225
[]|\T1/lmr/m/n/10 (+20) ODE/PDE
 []


Underfull \hbox (badness 10000) in paragraph at lines 226--226
[]|\T1/lmr/m/n/10 (+20) Resource es-ti-
 []

LaTeX Font Info:    Font shape `T1/lmss/m/it' in size <10> not available
(Font)              Font shape `T1/lmss/m/sl' tried instead on input line 248.

Underfull \hbox (badness 10000) in paragraph at lines 258--258
[]|\T1/lmr/m/n/10 (+20) Hamiltonian sim-u-la-tion
 []


Underfull \hbox (badness 10000) in paragraph at lines 262--262
[]|\T1/lmr/m/n/10 (+20) QRAM/QROM in-put mod-els
 []


Underfull \hbox (badness 10000) in paragraph at lines 267--267
[]|\T1/lmr/m/n/10 (+20) ODE: con-tour de-com-po-si-tion
 []


Underfull \hbox (badness 1824) in paragraph at lines 271--271
[]|\T1/lmr/m/n/10 (+20) PDE: sym-bolic non-lin-ear PDEs
 []


Underfull \hbox (badness 6944) in paragraph at lines 292--292
[]|\T1/lmr/m/n/10 (+20) Open-program or-a-
 []


Underfull \hbox (badness 10000) in paragraph at lines 293--293
[]|\T1/lmr/m/n/10 (+19) Structure-preserving
 []


Underfull \hbox (badness 10000) in paragraph at lines 295--295
[]|\T1/lmr/m/n/10 (+20) QSP/QSVT phase
 []


Underfull \hbox (badness 10000) in paragraph at lines 297--297
[]|\T1/lmr/m/n/10 (+20) ODE/PDE solver
 []


Underfull \hbox (badness 10000) in paragraph at lines 298--298
[]|\T1/lmr/m/n/10 (+20) Fault-tolerant re-
 []

) (./sections/language.tex [12] [13]
Package hyperref Info: bookmark level for unknown lstlisting defaults to 0 on i
nput line 19.
LaTeX Font Info:    Font shape `T1/lmtt/bx/n' in size <9> not available
(Font)              Font shape `T1/lmtt/b/n' tried instead on input line 20.
 [14]
Underfull \hbox (badness 1087) in paragraph at lines 99--100
[]|\T1/lmr/m/n/10 (+20) name; reg-is-ters (quan-tum in-ter-face); re-sources (Q
RAM);
 []


Underfull \hbox (badness 2744) in paragraph at lines 123--128
[]\T1/cmr/b/n/10.95 Purity. \T1/cmr/m/n/10.95 RIR rep-re-sents quan-tum op-er-a
-tions af-ter compile-time pa-ram-e-ter
 []

[15] [16]
LaTeX Font Info:    Trying to load font information for OT1+lmtt on input line 
176.
 (/home/agony/texlive/2026/texmf-dist/tex/latex/lm/ot1lmtt.fd
File: ot1lmtt.fd 2015/05/01 v1.6.1 Font defs for Latin Modern
)
Package microtype Info: Loading generic protrusion settings for font family
(microtype)             `lmtt' (encoding: OT1).
(microtype)             For optimal results, create family-specific settings.
(microtype)             See the microtype manual for details.

[17{/home/agony/texlive/2026/texmf-dist/fonts/enc/dvips/lm/lm-rmtt.enc}])
(./sections/oracles.tex [18] [19] [20] [21]
Underfull \hbox (badness 4792) in paragraph at lines 233--244
 []\T1/lmr/bx/n/10.95 (+20) Structural in-ter-faces.[] \T1/cmr/m/n/10.95 The li
-brary de-fines small \T1/lmtt/m/n/10.95 typing.Protocol \T1/cmr/m/n/10.95 in-t
er-faces
 []


Underfull \hbox (badness 1122) in paragraph at lines 233--244
\T1/cmr/m/n/10.95 (\T1/lmtt/m/n/10.95 runtime_checkable\T1/cmr/m/n/10.95 ) that
 any ob-ject may sat-isfy struc-turally: \T1/lmtt/m/n/10.95 UnitaryProtocol\T1/
cmr/m/n/10.95 ,
 []


Underfull \hbox (badness 3088) in paragraph at lines 233--244
\T1/lmtt/m/n/10.95 Block-Encoding-Protocol\T1/cmr/m/n/10.95 , \T1/lmtt/m/n/10.9
5 State-Preparation-Protocol\T1/cmr/m/n/10.95 , \T1/lmtt/m/n/10.95 XorDatabase-
Protocol\T1/cmr/m/n/10.95 , and
 []

[22] [23]) (./sections/primitives.tex [24] [25]
Underfull \hbox (badness 1077) in paragraph at lines 151--165
\T1/cmr/m/n/10.95 outer loop at the host); low-rank double-factorization and te
nsor-hypercontraction
 []


Underfull \hbox (badness 1975) in paragraph at lines 178--178
[]|\T1/lmr/m/n/10 (+20) Block-encoding al-
 []


Underfull \hbox (badness 10000) in paragraph at lines 179--179
[]|\T1/lmr/m/n/10 (+20) select-swap QROM (par-ti-tion cost
 []


Underfull \hbox (badness 4416) in paragraph at lines 179--179
\T1/lmr/m/n/10 (+20) model), alias sam-pling, XOR databases
 []


Underfull \hbox (badness 1137) in paragraph at lines 179--179
\T1/lmr/m/n/10 (+20) (gate/QRAM/banked), sparse ac-cess pairs,
 []


Underfull \hbox (badness 10000) in paragraph at lines 180--181
[]|\T1/lmr/m/n/10 (+20) implemented; nu-
 []


Underfull \hbox (badness 4543) in paragraph at lines 181--182
[]|\T1/lmr/m/n/10 (+20) Trotter/Taylor im-
 []


Underfull \hbox (badness 3590) in paragraph at lines 184--185
\T1/lmr/m/n/10 (+20) ter-face level; ma-
 []


Underfull \hbox (badness 2913) in paragraph at lines 184--185
\T1/lmr/m/n/10 (+20) tu-rity varies (Sec-
 []

) (./sections/ode.tex [26] [27] [28] [29]) (./sections/casestudies.tex [30]
[31]
Underfull \hbox (badness 1231) in paragraph at lines 152--163
\T1/cmr/m/n/10.95 arith-metic, search and am-pli-fi-ca-tion, es-ti-ma-tion (pha
se, am-pli-tude, count-ing,
 []

[32]) (./sections/implementation.tex [33]
Underfull \hbox (badness 10000) in paragraph at lines 82--82
[]|\T1/lmr/m/n/10 (+20) QSP phase syn-the-sis /
 []


Underfull \hbox (badness 10000) in paragraph at lines 83--83
[]|\T1/lmr/m/n/10 (+20) Data load-ing (QROM,
 []


Underfull \hbox (badness 10000) in paragraph at lines 84--84
[]|\T1/lmr/m/n/10 (+20) Reversible arith-metic &
 []


Underfull \hbox (badness 10000) in paragraph at lines 86--86
[]|\T1/lmr/m/n/10 (+20) Hamiltonian sim-u-la-tion
 []


Underfull \hbox (badness 10000) in paragraph at lines 91--91
[]|\T1/lmr/m/n/10 (+20) Scientific suite (Gibbs,
 []


Overfull \hbox (16.29819pt too wide) in paragraph at lines 122--135
\T1/lmtt/m/n/10.95 tools/run_verification.py \T1/cmr/m/n/10.95 and archived as 
machine-readable JSON (\T1/lmtt/m/n/10.95 out/verification/\T1/cmr/m/n/10.95 ).

 []


Underfull \hbox (badness 1616) in paragraph at lines 151--152
[]|\T1/lmr/m/n/10 (+20) QFT vs DFT $\OT1/lmr/m/n/10 (+20) 3\OML/lmm/m/it/10 :\O
T1/lmr/m/n/10 (+20) 8[]10[]$ \T1/lmr/m/n/10 (+20) ($\OML/lmm/m/it/10 n[]\OT1/lm
r/m/n/10 (+20) 4$\T1/lmr/m/n/10 (+20) ); Fourier ad-di-tion
 []


Underfull \hbox (badness 5878) in paragraph at lines 152--152
[]|\T1/lmr/m/n/10 (+20) State prepa-ra-tion &
 []


Underfull \hbox (badness 10000) in paragraph at lines 154--154
[]|\T1/lmr/m/n/10 (+20) Search & quan-tum
 []


Overfull \hbox (2.84889pt too wide) in paragraph at lines 146--165
 [][] 
 []

[34]
Underfull \hbox (badness 3701) in paragraph at lines 207--217
\T1/cmr/m/n/10.95 Beyond cor-rect-ness, the same struc-ture preser-va-tion sup-
ports com-po-si-tional re-
 []


Underfull \hbox (badness 1194) in paragraph at lines 207--217
\T1/cmr/m/n/10.95 source es-ti-ma-tion: \T1/lmtt/m/n/10.95 export_strict \T1/cm
r/m/n/10.95 low-ers a pro-gram to a module-preserving Tof-
 []


Underfull \hbox (badness 4660) in paragraph at lines 207--217
\T1/cmr/m/n/10.95 foli+Clifford+T+QRAM netlist and \T1/lmtt/m/n/10.95 estimate_
resources \T1/cmr/m/n/10.95 counts qubits, Tof-foli,
 []

[35]) (./sections/discussion.tex [36]) [37] (./sections/appendix.tex
(/home/agony/texlive/2026/texmf-dist/tex/latex/listings/lstlang1.sty
File: lstlang1.sty 2025/11/14 1.11b listings language file
)
(/home/agony/texlive/2026/texmf-dist/tex/latex/listings/lstlang1.sty
File: lstlang1.sty 2025/11/14 1.11b listings language file
) [38]
[39] [40]
Underfull \hbox (badness 1158) in paragraph at lines 224--229
\T1/cmr/m/n/10.95 con-stant ad-di-tion (the \T1/lmtt/m/n/10.95 controlled_by \T
1/cmr/m/n/10.95 stair-case), a \T1/lmtt/m/n/10.95 Repeat \T1/cmr/m/n/10.95 of f
ive ro-ta-tions (the
 []

[41] [42] [43] [44]
Overfull \hbox (1.8453pt too wide) in paragraph at lines 442--450
[]\T1/lmtt/m/n/10.95 pde = PolynomialPDE.from_equations({"u": 0.1*u.d("x", 2) -
 u*u.d("x")
 []


Underfull \hbox (badness 7522) in paragraph at lines 465--469
[]\T1/lmtt/m/n/10.95 space = Discretization(pde, grid, {"forcing": [.05, 0, -.0
5, 0]}) \T1/cmr/m/n/10.95 ---
 []

[45]
Overfull \hbox (120.84409pt too wide) in paragraph at lines 496--501
[]\T1/lmtt/m/n/10.95 solver = linear_qode("schrodingerization", hamiltonian_fun
ction=partial(taylor_hamiltonian,
 []

[46] [47] [48] [49] [50] [51]
Underfull \hbox (badness 10000) in paragraph at lines 858--859
[]|\T1/lmtt/m/n/9 coeff_angles\T1/lmr/m/n/9 (+20) ,
 []


Underfull \hbox (badness 10000) in paragraph at lines 858--859
\T1/lmtt/m/n/9 initial_angles \T1/lmr/m/n/9 (+20) (gate ta-
 []


Underfull \hbox (badness 10000) in paragraph at lines 862--862
[]|\T1/lmr/m/n/9 (+20) viscosity field via an-gle
 []


Underfull \hbox (badness 10000) in paragraph at lines 865--865
[]|\T1/lmr/m/n/9 (+20) given spec-tral gen-er-a-tor,
 []


Underfull \hbox (badness 10000) in paragraph at lines 866--867
[]|\T1/lmtt/m/n/9 positions\T1/lmr/m/n/9 (+20) ,
 []


Underfull \hbox (badness 10000) in paragraph at lines 869--869
[]|\T1/lmr/m/n/9 (+20) given spec-tral gen-er-a-tor,
 []


Underfull \hbox (badness 10000) in paragraph at lines 870--871
[]|\T1/lmtt/m/n/9 positions\T1/lmr/m/n/9 (+20) ,
 []


Underfull \hbox (badness 10000) in paragraph at lines 871--872
[]|\T1/lmtt/m/n/9 coeff_angles\T1/lmr/m/n/9 (+20) ,
 []

[52]
Underfull \hbox (badness 10000) in paragraph at lines 973--973
[]|\T1/lmr/bx/n/10 (+20) Task ($\OML/lmm/m/it/10 ^^T[]\OT1/lmr/m/n/10 (+20) 8$\
T1/lmr/bx/n/10 (+20) ,
 []


Underfull \hbox (badness 2828) in paragraph at lines 973--973
\OML/lmm/m/it/10 "[]\OT1/lmr/m/n/10 (+20) 10[]$ \T1/lmr/bx/n/10 (+20) un-less
 []


Underfull \hbox (badness 3323) in paragraph at lines 975--975
[]|\T1/lmr/m/n/10 (+20) T1 QSP in-ver-
 []


Underfull \hbox (badness 10000) in paragraph at lines 978--978
[]|\T1/lmr/m/n/10 (+20) PennyLane
 []


Underfull \hbox (badness 10000) in paragraph at lines 979--979
[]|\T1/lmr/m/n/10 (+20) Qualtran
 []


Underfull \hbox (badness 10000) in paragraph at lines 988--988
[]|\T1/lmr/m/n/10 (+20) Qualtran
 []


Underfull \hbox (badness 1082) in paragraph at lines 990--990
[]|\T1/lmr/m/n/10 (+20) T5 Schrödin-ger-
 []


Underfull \hbox (badness 10000) in paragraph at lines 990--990
[]|\T1/lmr/m/n/10 (+20) UnitaryLab
 []


Underfull \hbox (badness 1199) in paragraph at lines 994--994
[]|\T1/lmr/m/n/10 (+20) T6 QSP ad-vec-
 []

[53]
Package pgfplots info on input line 1073: Using 'lua backend=false' for axis: x
mode=log unsupported (yet).
Package pgfplots info on input line 1073: Using 'lua backend=false' for axis: y
mode=log unsupported (yet).
Package pgfplots info on input line 1081: Using 'lua backend=false' for axis: x
mode=log unsupported (yet).
Package pgfplots info on input line 1081: Using 'lua backend=false' for axis: y
mode=log unsupported (yet).
Package pgfplots info on input line 1089: Using 'lua backend=false' for axis: x
mode=log unsupported (yet).
Package pgfplots info on input line 1089: Using 'lua backend=false' for axis: y
mode=log unsupported (yet).
Package pgfplots info on input line 1097: Using 'lua backend=false' for axis: x
mode=log unsupported (yet).
Package pgfplots info on input line 1097: Using 'lua backend=false' for axis: y
mode=log unsupported (yet).

Underfull \hbox (badness 10000) in paragraph at lines 1125--1125
[]\T1/lmss/m/n/10 (+20) Table 12: |Resource-scaling study at the Tof-foli+Cliff
ord+T+QRAM level
 []


Underfull \hbox (badness 3000) in paragraph at lines 1139--1139
[]|\T1/lmr/m/n/10 (+20) QPE, sym-bolic pow-ers
 []


Underfull \hbox (badness 1577) in paragraph at lines 1149--1149
[]|\T1/lmr/m/n/10 (+20) Roe flux face (QFVM,
 []


Underfull \hbox (badness 1577) in paragraph at lines 1150--1150
[]|\T1/lmr/m/n/10 (+20) Roe flux face (QFVM,
 []


Underfull \hbox (badness 10000) in paragraph at lines 1198--1198
[]|\T1/lmr/m/n/10 (+20) estimator vs strict
 []


Underfull \hbox (badness 10000) in paragraph at lines 1198--1198
\T1/lmr/m/n/10 (+20) netlist (15 hand-
 []


Underfull \hbox (badness 1558) in paragraph at lines 1198--1198
\T1/lmr/m/n/10 (+20) computed and cross
 []


Underfull \hbox (badness 10000) in paragraph at lines 1198--1199
[]|\T1/lmr/m/n/10 (+20) atom-by-atom
 []


Underfull \hbox (badness 10000) in paragraph at lines 1199--1199
[]|\T1/lmr/m/n/10 (+20) fixed-point mul-ti-ply,
 []


Underfull \hbox (badness 10000) in paragraph at lines 1199--1199
[]|$\OT1/lmr/m/n/10 (+20) 1\OML/lmm/m/it/10 :\OT1/lmr/m/n/10 (+20) 940$
 []


Underfull \hbox (badness 10000) in paragraph at lines 1200--1200
[]|$\OT1/lmr/m/n/10 (+20) 2\OML/lmm/m/it/10 :\OT1/lmr/m/n/10 (+20) 854$
 []


Underfull \hbox (badness 10000) in paragraph at lines 1200--1201
\T1/lmr/m/n/10 (+20) ro-ta-tions drop
 []


Underfull \hbox (badness 1527) in paragraph at lines 1201--1201
[]|\T1/lmr/m/n/10 (+20) dense state prepa-ra-
 []


Underfull \hbox (badness 10000) in paragraph at lines 1201--1202
[]|$\OML/lmm/m/it/10 O\OT1/lmr/m/n/10 (+20) (2[])$ \T1/lmr/m/n/10 (+20) mul-ti-

 []


Underfull \hbox (badness 10000) in paragraph at lines 1202--1202
[]|$\OT1/lmr/m/n/10 (+20) 1\OML/lmm/m/it/10 :\OT1/lmr/m/n/10 (+20) 791$
 []


Underfull \hbox (badness 7667) in paragraph at lines 1203--1203
[]|\T1/lmr/m/n/10 (+20) Grover per-iteration
 []


Underfull \hbox (badness 10000) in paragraph at lines 1203--1204
[]|$\OMS/lmsy/m/n/10 b[]\OT1/lmr/m/n/10 (+20) 2[]\OMS/lmsy/m/n/10 c$ \T1/lmr/m/
n/10 (+20) it-er-a-
 []


Underfull \hbox (badness 10000) in paragraph at lines 1205--1206
[]|$\OML/lmm/m/it/10 O\OT1/lmr/m/n/10 (+20) (\OML/lmm/m/it/10 n\OT1/lmr/m/n/10 
(+20) )$ \T1/lmr/m/n/10 (+20) adders
 []


Underfull \hbox (badness 10000) in paragraph at lines 1205--1206
\T1/lmr/m/n/10 (+20) [[]]; stair-case
 []


Underfull \hbox (badness 7759) in paragraph at lines 1206--1206
[]|\T1/lmr/m/n/10 (+20) QROM emit-ted vs
 []


Underfull \hbox (badness 10000) in paragraph at lines 1206--1206
[]|$\OT1/lmr/m/n/10 (+20) 344 064$ \T1/lmr/m/n/10 (+20) vs
 []


Underfull \hbox (badness 10000) in paragraph at lines 1206--1207
[]|\T1/lmr/m/n/10 (+20) unary-iteration
 []

Package pgfplots info on input line 1222: Using 'lua backend=false' for axis: x
mode=log unsupported (yet).
Package pgfplots info on input line 1222: Using 'lua backend=false' for axis: y
mode=log unsupported (yet).

Overfull \hbox (9.1498pt too wide) in paragraph at lines 1255--1275
 [][] 
 []

[54]) (./main.bbl [55] [56] [57] [58]
Underfull \hbox (badness 1715) in paragraph at lines 359--367
\T1/cmr/m/n/10.95 MIT-licensed al-go-rithm li-brary ([][]$\T1/lmtt/m/n/10.95 ht
tps : / / github . com / unitarylab / unitarylab _
 []


Underfull \hbox (badness 1701) in paragraph at lines 376--382
[]\T1/cmr/m/n/10.95 Microsoft Quan-tum.  ``Azure quan-tum re-source es-ti-ma-to
r''.  [][]$\T1/lmtt/m/n/10.95 https : / / learn .
 []


Underfull \hbox (badness 10000) in paragraph at lines 376--382
\T1/lmtt/m/n/10.95 microsoft . com / en-[]us / azure / quantum / intro-[]to-[]r
esource-[]estimation$[][] \T1/cmr/m/n/10.95 (2026).
 []

[59]) [60] [61] [62] [63] [64] [65] [66] [67] (./main.aux)
 ***********
LaTeX2e <2026-06-01>
L3 programming layer <2026-07-20>
 ***********
Package rerunfilecheck Info: File `main.out' has not changed.
(rerunfilecheck)             Checksum: 3CB1974EA9A4B8CF58C51974AD3D8BEB;15688.
 ) 
Here is how much of TeX's memory you used:
 48307 strings out of 467159
 1076501 string characters out of 5408695
 2000495 words of memory out of 5000000
 75764 multiletter control sequences out of 15000+600000
 769091 words of font info for 297 fonts, out of 8000000 for 9000
 1141 hyphenation exceptions out of 8191
 92i,22n,117p,1930b,2617s stack positions out of 10000i,1000n,20000p,200000b,200000s
</home/agony/texlive/2026/texmf-dist/fonts/type1/public/lm/lmbx10.pfb></home/
agony/texlive/2026/texmf-dist/fonts/type1/public/lm/lmbx9.pfb></home/agony/texl
ive/2026/texmf-dist/fonts/type1/public/lm/lmex10.pfb></home/agony/texlive/2026/
texmf-dist/fonts/type1/public/lm/lmmi10.pfb></home/agony/texlive/2026/texmf-dis
t/fonts/type1/public/lm/lmmi6.pfb></home/agony/texlive/2026/texmf-dist/fonts/ty
pe1/public/lm/lmmi7.pfb></home/agony/texlive/2026/texmf-dist/fonts/type1/public
/lm/lmmi8.pfb></home/agony/texlive/2026/texmf-dist/fonts/type1/public/lm/lmmi9.
pfb></home/agony/texlive/2026/texmf-dist/fonts/type1/public/lm/lmr10.pfb></home
/agony/texlive/2026/texmf-dist/fonts/type1/public/lm/lmr6.pfb></home/agony/texl
ive/2026/texmf-dist/fonts/type1/public/lm/lmr7.pfb></home/agony/texlive/2026/te
xmf-dist/fonts/type1/public/lm/lmr8.pfb></home/agony/texlive/2026/texmf-dist/fo
nts/type1/public/lm/lmr9.pfb></home/agony/texlive/2026/texmf-dist/fonts/type1/p
ublic/lm/lmri10.pfb></home/agony/texlive/2026/texmf-dist/fonts/type1/public/lm/
lmri8.pfb></home/agony/texlive/2026/texmf-dist/fonts/type1/public/lm/lmri9.pfb>
</home/agony/texlive/2026/texmf-dist/fonts/type1/public/lm/lmss10.pfb></home/ag
ony/texlive/2026/texmf-dist/fonts/type1/public/lm/lmss12.pfb></home/agony/texli
ve/2026/texmf-dist/fonts/type1/public/lm/lmss17.pfb></home/agony/texlive/2026/t
exmf-dist/fonts/type1/public/lm/lmss8.pfb></home/agony/texlive/2026/texmf-dist/
fonts/type1/public/lm/lmss9.pfb></home/agony/texlive/2026/texmf-dist/fonts/type
1/public/lm/lmsso10.pfb></home/agony/texlive/2026/texmf-dist/fonts/type1/public
/lm/lmsy10.pfb></home/agony/texlive/2026/texmf-dist/fonts/type1/public/lm/lmsy6
.pfb></home/agony/texlive/2026/texmf-dist/fonts/type1/public/lm/lmsy7.pfb></hom
e/agony/texlive/2026/texmf-dist/fonts/type1/public/lm/lmsy8.pfb></home/agony/te
xlive/2026/texmf-dist/fonts/type1/public/lm/lmsy9.pfb></home/agony/texlive/2026
/texmf-dist/fonts/type1/public/lm/lmtk10.pfb></home/agony/texlive/2026/texmf-di
st/fonts/type1/public/lm/lmtt10.pfb></home/agony/texlive/2026/texmf-dist/fonts/
type1/public/lm/lmtt8.pfb></home/agony/texlive/2026/texmf-dist/fonts/type1/publ
ic/lm/lmtt9.pfb></home/agony/texlive/2026/texmf-dist/fonts/type1/public/lm/lmtt
i10.pfb></home/agony/texlive/2026/texmf-dist/fonts/type1/public/amsfonts/symbol
s/msam10.pfb></home/agony/texlive/2026/texmf-dist/fonts/type1/public/amsfonts/s
ymbols/msbm10.pfb></home/agony/texlive/2026/texmf-dist/fonts/type1/public/cm-su
per/sfcc1095.pfb></home/agony/texlive/2026/texmf-dist/fonts/type1/public/cm-sup
er/sfrb1095.pfb></home/agony/texlive/2026/texmf-dist/fonts/type1/public/cm-supe
r/sfrm0800.pfb></home/agony/texlive/2026/texmf-dist/fonts/type1/public/cm-super
/sfrm1095.pfb></home/agony/texlive/2026/texmf-dist/fonts/type1/public/cm-super/
sfti1095.pfb>
Output written on main.pdf (67 pages, 1090798 bytes).
PDF statistics:
 1975 PDF objects out of 2073 (max. 8388607)
 1784 compressed objects within 18 object streams
 730 named destinations out of 1000 (max. 500000)
 82445 words of extra memory for PDF output out of 89155 (max. 10000000)

